// Jest Snapshot v1, https://goo.gl/fbAQLP

exports[`ProfileScreen test should render 1`] = `
<div
  class="my7"
>
  <div
    class="container xl my4"
  >
    <div
      class="cardDesktop col bodyBgColor"
    >
      <div
        class="cardHeader padding3 primaryColor"
      >
        <h4>
          Profile
        </h4>
      </div>
      <div
        class="col colSpacing2 padding3"
      >
        <div
          class="reset_base__1sfgjt80 sprinkles_marginBottom_0_mobile__w76aiff5 sprinkles_display_flex_mobile__w76aif5 sprinkles_flexDirection_row_mobile__w76aifp"
        >
          <div
            class="reset_base__1sfgjt80 sprinkles_marginBottom_6x_mobile__w76aifge sprinkles_marginRight_6x_mobile__w76aifle"
          >
            <div
              class="reset_base__1sfgjt80 sprinkles_position_relative__w76aif1aj sprinkles_borderRadius_2x__w76aif1ag sprinkles_borderWidth_1x__w76aif19v sprinkles_borderColor_modalHeaderBorderBottom_default__w76aif14g sprinkles_borderStyle_solid__w76aif19x UserAvatar_avatarBox__i0zn6a0"
            >
              <test-file-stub />
            </div>
          </div>
          <div
            class="reset_base__1sfgjt80 sprinkles_marginBottom_6x_mobile__w76aifge sprinkles_flexGrow_1__w76aif19r"
          >
            <div
              class="reset_base__1sfgjt80 sprinkles_display_flex_mobile__w76aif5 sprinkles_alignItems_center_mobile__w76aif2d"
            >
              <h4
                class="reset_base__1sfgjt80 sprinkles_color_text_default__w76aifso Text_text__1qy84op6 Text__1qy84op0 sprinkles_fontFamily_brand__w76aif1ay Text_text_variant_h4__1qy84opa Text_text_gutterBottom_false__1qy84opj  Profile_publicName__crp8vk2"
              >
                OddKraig
              </h4>
              <button
                class="iconButton"
                type="button"
              >
                <test-file-stub />
              </button>
            </div>
            <div
              class="reset_base__1sfgjt80 sprinkles_marginBottom_2x_mobile__w76aiffu"
            >
              <h6
                class="reset_base__1sfgjt80 sprinkles_color_textMuted_default__w76aifss Text_text__1qy84op6 Text__1qy84op0 sprinkles_fontFamily_brand__w76aif1ay Text_text_variant_title__1qy84ope Text__1qy84op2 sprinkles_fontSize_large_mobile__w76aifs2 sprinkles_fontWeight_regular__w76aif1az Text_text_gutterBottom_false__1qy84opj "
              />
            </div>
            <span
              class="reset_base__1sfgjt80 sprinkles_color_textMuted_default__w76aifss Text_text__1qy84op6 Text__1qy84op0 sprinkles_fontFamily_brand__w76aif1ay Text_text_variant_label__1qy84opf Text__1qy84op3 sprinkles_fontSize_medium_mobile__w76aifrx Text_text_gutterBottom_false__1qy84opj "
            >
              UID:  
            </span>
          </div>
          <p
            class="reset_base__1sfgjt80 sprinkles_color_text_default__w76aifso Text_text__1qy84op6 Text__1qy84op0 sprinkles_fontFamily_brand__w76aif1ay Text_text_variant_body__1qy84opg Text__1qy84op4 sprinkles_fontSize_small_mobile__w76aifrs Text_text_gutterBottom_false__1qy84opj "
          />
        </div>
        <div
          class="reset_base__1sfgjt80 sprinkles_marginBottom_7x_mobile__w76aifgj"
        >
          <div
            class="reset_base__1sfgjt80 sprinkles_display_flex_mobile__w76aif5 sprinkles_flexDirection_column_mobile__w76aifu sprinkles_flexDirection_row_tablet__w76aifq"
          >
            <div
              class="reset_base__1sfgjt80 sprinkles_marginBottom_3x_mobile__w76aiffz sprinkles_marginBottom_0_tablet__w76aiff6 sprinkles_marginRight_0_mobile__w76aifk5 sprinkles_marginRight_3x_tablet__w76aifl0"
            >
              <button
                class="reset_base__1sfgjt80 reset_button__1sfgjt81 Button_button__9n3otyi Button__9n3oty0 sprinkles_fontFamily_brand__w76aif1ay sprinkles_display_inline-block_mobile__w76aifk sprinkles_fontWeight_strong__w76aif1b0 Button_button_variant_contained__9n3otyj  Button_button_color_secondary__9n3otym Button_button_size_medium__9n3otyp Button__9n3oty3 sprinkles_paddingLeft_4x_mobile__w76aif8m sprinkles_paddingRight_4x_mobile__w76aifb4 sprinkles_paddingTop_2x_mobile__w76aif3c sprinkles_paddingBottom_2x_mobile__w76aif5u sprinkles_fontSize_medium_mobile__w76aifrx sprinkles_lineHeight_medium__w76aif1b2 sprinkles_borderRadius_1x__w76aif1af Button_button_disabled_false__9n3otys  Button_button_fullWidth_false__9n3otyu  Button_button_compound_4__9n3otyx Button__9n3otya sprinkles_backgroundColor_btnSecondaryBg_default__w76aifya sprinkles_backgroundColor_btnSecondaryBgHover_hover__w76aifyd sprinkles_color_btnSecondaryText_default__w76aifu8"
                type="button"
              >
                Referral Links
              </button>
            </div>
            <div
              class="reset_base__1sfgjt80 sprinkles_marginBottom_3x_mobile__w76aiffz sprinkles_marginBottom_0_tablet__w76aiff6 sprinkles_marginRight_0_mobile__w76aifk5 sprinkles_marginRight_3x_tablet__w76aifl0"
            >
              <button
                class="reset_base__1sfgjt80 reset_button__1sfgjt81 Button_button__9n3otyi Button__9n3oty0 sprinkles_fontFamily_brand__w76aif1ay sprinkles_display_inline-block_mobile__w76aifk sprinkles_fontWeight_strong__w76aif1b0 Button_button_variant_contained__9n3otyj  Button_button_color_secondary__9n3otym Button_button_size_medium__9n3otyp Button__9n3oty3 sprinkles_paddingLeft_4x_mobile__w76aif8m sprinkles_paddingRight_4x_mobile__w76aifb4 sprinkles_paddingTop_2x_mobile__w76aif3c sprinkles_paddingBottom_2x_mobile__w76aif5u sprinkles_fontSize_medium_mobile__w76aifrx sprinkles_lineHeight_medium__w76aif1b2 sprinkles_borderRadius_1x__w76aif1af Button_button_disabled_false__9n3otys  Button_button_fullWidth_false__9n3otyu  Button_button_compound_4__9n3otyx Button__9n3otya sprinkles_backgroundColor_btnSecondaryBg_default__w76aifya sprinkles_backgroundColor_btnSecondaryBgHover_hover__w76aifyd sprinkles_color_btnSecondaryText_default__w76aifu8"
                type="button"
              >
                Change password
              </button>
            </div>
            <div
              class="reset_base__1sfgjt80 sprinkles_marginBottom_3x_mobile__w76aiffz sprinkles_marginBottom_0_tablet__w76aiff6 sprinkles_marginRight_0_mobile__w76aifk5 sprinkles_marginRight_3x_tablet__w76aifl0"
            >
              <button
                class="reset_base__1sfgjt80 reset_button__1sfgjt81 Button_button__9n3otyi Button__9n3oty0 sprinkles_fontFamily_brand__w76aif1ay sprinkles_display_inline-block_mobile__w76aifk sprinkles_fontWeight_strong__w76aif1b0 Button_button_variant_contained__9n3otyj  Button_button_color_secondary__9n3otym Button_button_size_medium__9n3otyp Button__9n3oty3 sprinkles_paddingLeft_4x_mobile__w76aif8m sprinkles_paddingRight_4x_mobile__w76aifb4 sprinkles_paddingTop_2x_mobile__w76aif3c sprinkles_paddingBottom_2x_mobile__w76aif5u sprinkles_fontSize_medium_mobile__w76aifrx sprinkles_lineHeight_medium__w76aif1b2 sprinkles_borderRadius_1x__w76aif1af Button_button_disabled_false__9n3otys  Button_button_fullWidth_false__9n3otyu  Button_button_compound_4__9n3otyx Button__9n3otya sprinkles_backgroundColor_btnSecondaryBg_default__w76aifya sprinkles_backgroundColor_btnSecondaryBgHover_hover__w76aifyd sprinkles_color_btnSecondaryText_default__w76aifu8"
                type="button"
              >
                Block account
              </button>
            </div>
            <div
              class="reset_base__1sfgjt80"
            >
              <button
                class="reset_base__1sfgjt80 reset_button__1sfgjt81 Button_button__9n3otyi Button__9n3oty0 sprinkles_fontFamily_brand__w76aif1ay sprinkles_display_inline-block_mobile__w76aifk sprinkles_fontWeight_strong__w76aif1b0 Button_button_variant_contained__9n3otyj  Button_button_color_secondary__9n3otym Button_button_size_medium__9n3otyp Button__9n3oty3 sprinkles_paddingLeft_4x_mobile__w76aif8m sprinkles_paddingRight_4x_mobile__w76aifb4 sprinkles_paddingTop_2x_mobile__w76aif3c sprinkles_paddingBottom_2x_mobile__w76aif5u sprinkles_fontSize_medium_mobile__w76aifrx sprinkles_lineHeight_medium__w76aif1b2 sprinkles_borderRadius_1x__w76aif1af Button_button_disabled_false__9n3otys  Button_button_fullWidth_false__9n3otyu  Button_button_compound_4__9n3otyx Button__9n3otya sprinkles_backgroundColor_btnSecondaryBg_default__w76aifya sprinkles_backgroundColor_btnSecondaryBgHover_hover__w76aifyd sprinkles_color_btnSecondaryText_default__w76aifu8"
                type="button"
              >
                Set avatar
              </button>
            </div>
          </div>
        </div>
        <div
          class="reset_base__1sfgjt80 Profile_stats__crp8vk0"
        >
          <div
            class="Profile_stat__crp8vk1"
          >
            <div
              class="reset_base__1sfgjt80 sprinkles_paddingLeft_4x_mobile__w76aif8m sprinkles_paddingRight_4x_mobile__w76aifb4 sprinkles_paddingTop_5x_mobile__w76aif3r sprinkles_paddingBottom_5x_mobile__w76aif69 sprinkles_backgroundColor_statBg_default__w76aifzw sprinkles_borderRadius_1x__w76aif1af sprinkles_display_flex_mobile__w76aif5 sprinkles_flexDirection_column_mobile__w76aifu sprinkles_justifyContent_space-between_mobile__w76aif1y Stat_stat__z1d39u0"
            >
              <span
                class="reset_base__1sfgjt80 sprinkles_color_danger_default__w76aifsi sprinkles_textAlign_center__w76aif1b5 sprinkles_fontWeight_strong__w76aif1b0 Text_text__1qy84op6 Text__1qy84op0 sprinkles_fontFamily_brand__w76aif1ay Text_text_variant_label__1qy84opf Text__1qy84op3 sprinkles_fontSize_medium_mobile__w76aifrx Text_text_gutterBottom_false__1qy84opj "
              >
                Verification not passed
              </span>
              <button
                class="reset_base__1sfgjt80 reset_button__1sfgjt81 Button_button__9n3otyi Button__9n3oty0 sprinkles_fontFamily_brand__w76aif1ay sprinkles_display_inline-block_mobile__w76aifk sprinkles_fontWeight_strong__w76aif1b0 Button_button_variant_contained__9n3otyj  Button_button_color_danger__9n3otyn Button_button_size_medium__9n3otyp Button__9n3oty3 sprinkles_paddingLeft_4x_mobile__w76aif8m sprinkles_paddingRight_4x_mobile__w76aifb4 sprinkles_paddingTop_2x_mobile__w76aif3c sprinkles_paddingBottom_2x_mobile__w76aif5u sprinkles_fontSize_medium_mobile__w76aifrx sprinkles_lineHeight_medium__w76aif1b2 sprinkles_borderRadius_1x__w76aif1af Button_button_disabled_false__9n3otys  Button_button_fullWidth_true__9n3otyt Button__9n3oty5 sprinkles_width_full_mobile__w76aifmx Button_button_compound_8__9n3otyz Button__9n3otye sprinkles_backgroundColor_btnDangerBg_default__w76aifym sprinkles_backgroundColor_btnDangerBgHover_hover__w76aifyp sprinkles_color_btnDangerText_default__w76aifuk"
                type="button"
              >
                Verify
              </button>
            </div>
          </div>
          <div
            class="Profile_stat__crp8vk1"
          >
            <div
              class="reset_base__1sfgjt80 sprinkles_paddingLeft_4x_mobile__w76aif8m sprinkles_paddingRight_4x_mobile__w76aifb4 sprinkles_paddingTop_5x_mobile__w76aif3r sprinkles_paddingBottom_5x_mobile__w76aif69 sprinkles_backgroundColor_statBg_default__w76aifzw sprinkles_borderRadius_1x__w76aif1af sprinkles_display_flex_mobile__w76aif5 sprinkles_flexDirection_column_mobile__w76aifu sprinkles_justifyContent_space-between_mobile__w76aif1y Stat_stat__z1d39u0"
            >
              <span
                class="reset_base__1sfgjt80 sprinkles_color_text_default__w76aifso Text_text__1qy84op6 Text__1qy84op0 sprinkles_fontFamily_brand__w76aif1ay Text_text_variant_label__1qy84opf Text__1qy84op3 sprinkles_fontSize_medium_mobile__w76aifrx Text_text_gutterBottom_false__1qy84opj "
              >
                Rating
              </span>
              <div
                class="reset_base__1sfgjt80 sprinkles_color_text_default__w76aifso sprinkles_textOverflow_ellipsis__w76aif1b9 Text_text__1qy84op6 Text__1qy84op0 sprinkles_fontFamily_brand__w76aif1ay Text_text_variant_h3__1qy84op9 Text_text_gutterBottom_false__1qy84opj "
                title="0.0"
              >
                0.0
              </div>
            </div>
          </div>
          <div
            class="Profile_stat__crp8vk1"
          >
            <div
              class="reset_base__1sfgjt80 sprinkles_paddingLeft_4x_mobile__w76aif8m sprinkles_paddingRight_4x_mobile__w76aifb4 sprinkles_paddingTop_5x_mobile__w76aif3r sprinkles_paddingBottom_5x_mobile__w76aif69 sprinkles_backgroundColor_statBg_default__w76aifzw sprinkles_borderRadius_1x__w76aif1af sprinkles_display_flex_mobile__w76aif5 sprinkles_flexDirection_column_mobile__w76aifu sprinkles_justifyContent_space-between_mobile__w76aif1y Stat_stat__z1d39u0"
            >
              <span
                class="reset_base__1sfgjt80 sprinkles_color_text_default__w76aifso Text_text__1qy84op6 Text__1qy84op0 sprinkles_fontFamily_brand__w76aif1ay Text_text_variant_label__1qy84opf Text__1qy84op3 sprinkles_fontSize_medium_mobile__w76aifrx Text_text_gutterBottom_false__1qy84opj "
              >
                Comments
              </span>
              <div
                class="reset_base__1sfgjt80 sprinkles_display_flex_mobile__w76aif5"
              >
                <div
                  class="reset_base__1sfgjt80 sprinkles_display_flex_mobile__w76aif5 sprinkles_marginRight_5x_mobile__w76aifl9"
                >
                  <div
                    class="reset_base__1sfgjt80 sprinkles_marginRight_2x_mobile__w76aifku sprinkles_color_statIcon_default__w76aifvo sprinkles_display_flex_mobile__w76aif5 sprinkles_alignItems_center_mobile__w76aif2d"
                  >
                    <test-file-stub />
                  </div>
                  <div
                    class="reset_base__1sfgjt80 sprinkles_color_text_default__w76aifso Text_text__1qy84op6 Text__1qy84op0 sprinkles_fontFamily_brand__w76aif1ay Text_text_variant_h3__1qy84op9 Text_text_gutterBottom_false__1qy84opj "
                  >
                    <span
                      aria-busy="true"
                      aria-live="polite"
                    >
                      <span
                        class="reset_base__1sfgjt80 sprinkles_width_10x_mobile__w76aifog sprinkles_borderRadius_1x__w76aif1af Skeleton_skeleton__1ugc7791"
                      >
                        ‌
                      </span>
                      <br />
                    </span>
                  </div>
                </div>
                <div
                  class="reset_base__1sfgjt80 sprinkles_display_flex_mobile__w76aif5"
                >
                  <div
                    class="reset_base__1sfgjt80 sprinkles_marginRight_2x_mobile__w76aifku sprinkles_color_statIcon_default__w76aifvo sprinkles_display_flex_mobile__w76aif5 sprinkles_alignItems_center_mobile__w76aif2d"
                  >
                    <test-file-stub />
                  </div>
                  <div
                    class="reset_base__1sfgjt80 sprinkles_color_text_default__w76aifso Text_text__1qy84op6 Text__1qy84op0 sprinkles_fontFamily_brand__w76aif1ay Text_text_variant_h3__1qy84op9 Text_text_gutterBottom_false__1qy84opj "
                  >
                    <span
                      aria-busy="true"
                      aria-live="polite"
                    >
                      <span
                        class="reset_base__1sfgjt80 sprinkles_width_10x_mobile__w76aifog sprinkles_borderRadius_1x__w76aif1af Skeleton_skeleton__1ugc7791"
                      >
                        ‌
                      </span>
                      <br />
                    </span>
                  </div>
                </div>
              </div>
            </div>
          </div>
          <div
            class="Profile_stat__crp8vk1"
          >
            <div
              class="reset_base__1sfgjt80 sprinkles_paddingLeft_4x_mobile__w76aif8m sprinkles_paddingRight_4x_mobile__w76aifb4 sprinkles_paddingTop_5x_mobile__w76aif3r sprinkles_paddingBottom_5x_mobile__w76aif69 sprinkles_backgroundColor_statBg_default__w76aifzw sprinkles_borderRadius_1x__w76aif1af sprinkles_display_flex_mobile__w76aif5 sprinkles_flexDirection_column_mobile__w76aifu sprinkles_justifyContent_space-between_mobile__w76aif1y Stat_stat__z1d39u0"
            >
              <span
                class="reset_base__1sfgjt80 sprinkles_color_text_default__w76aifso Text_text__1qy84op6 Text__1qy84op0 sprinkles_fontFamily_brand__w76aif1ay Text_text_variant_label__1qy84opf Text__1qy84op3 sprinkles_fontSize_medium_mobile__w76aifrx Text_text_gutterBottom_false__1qy84opj "
              >
                Deals completed
              </span>
              <span
                class="reset_base__1sfgjt80 sprinkles_color_text_default__w76aifso Text_text__1qy84op6 Text__1qy84op0 sprinkles_fontFamily_brand__w76aif1ay Text_text_variant_h3__1qy84op9 Text_text_gutterBottom_false__1qy84opj "
              >
                <span
                  aria-busy="true"
                  aria-live="polite"
                >
                  <span
                    class="reset_base__1sfgjt80 sprinkles_width_full_mobile__w76aifmx sprinkles_borderRadius_1x__w76aif1af Skeleton_skeleton__1ugc7791"
                  >
                    ‌
                  </span>
                  <br />
                </span>
              </span>
            </div>
          </div>
        </div>
      </div>
    </div>
  </div>
  <div
    class="container xl my4"
  >
    <div
      class="cardDesktop col bodyBgColor"
    >
      <div
        class="cardHeader padding3 primaryColor"
      >
        <h4>
          Settings
        </h4>
      </div>
      <div
        class="col colSpacing2 padding3"
      >
        <div
          class="reset_base__1sfgjt80 sprinkles_paddingLeft_5x_mobile__w76aif8r sprinkles_paddingRight_5x_mobile__w76aifb9 sprinkles_paddingTop_8x_mobile__w76aif46 sprinkles_paddingBottom_8x_mobile__w76aif6o sprinkles_display_flex_mobile__w76aif5 sprinkles_justifyContent_space-between_mobile__w76aif1y sprinkles_borderBottomWidth_1x__w76aif1a7 sprinkles_borderBottomStyle_solid__w76aif1a9 sprinkles_borderBottomColor_modalHeaderBorderBottom_default__w76aif18q ProfileSettings_block__8rz5n50"
        >
          <div
            class="reset_base__1sfgjt80 sprinkles_marginBottom_6x_mobile__w76aifge ProfileSettings_label__8rz5n51"
          >
            <span
              class="reset_base__1sfgjt80 sprinkles_color_text_default__w76aifso sprinkles_fontWeight_strong__w76aif1b0 Text_text__1qy84op6 Text__1qy84op0 sprinkles_fontFamily_brand__w76aif1ay Text_text_variant_label__1qy84opf Text__1qy84op3 sprinkles_fontSize_medium_mobile__w76aifrx Text_text_gutterBottom_false__1qy84opj "
            >
              General
            </span>
          </div>
          <div
            class="ProfileSettings_controls__8rz5n52"
          >
            <div
              class="reset_base__1sfgjt80 sprinkles_display_flex_mobile__w76aif5 sprinkles_flexDirection_column_mobile__w76aifu"
            >
              <div
                class="reset_base__1sfgjt80 sprinkles_marginBottom_8x_mobile__w76aifgo"
              >
                <div
                  class="BaseCurrencyField__125rjhq0 sprinkles_width_full_mobile__w76aifmx positionRelative"
                >
                  <div
                    class="reactSelect css-b62m3t-container"
                  >
                    <span
                      class="css-1f43avz-a11yText-A11yText"
                      id="react-select-2-live-region"
                    />
                    <span
                      aria-atomic="false"
                      aria-live="polite"
                      aria-relevant="additions text"
                      class="css-1f43avz-a11yText-A11yText"
                    />
                    <div
                      class="reactSelect__control css-1s2u09g-control"
                    >
                      <div
                        class="reactSelect__value-container css-319lph-ValueContainer"
                      >
                        <div
                          class="reactSelect__placeholder css-14el2xx-placeholder"
                          id="react-select-2-placeholder"
                        >
                          Default currency
                        </div>
                        <div
                          class="reactSelect__input-container css-6j8wv5-Input"
                          data-value=""
                        >
                          <input
                            aria-autocomplete="list"
                            aria-controls="react-select-2-listbox"
                            aria-describedby="react-select-2-placeholder"
                            aria-expanded="false"
                            aria-haspopup="true"
                            aria-owns="react-select-2-listbox"
                            autocapitalize="none"
                            autocomplete="off"
                            autocorrect="off"
                            class="reactSelect__input"
                            id="react-select-2-input"
                            role="combobox"
                            spellcheck="false"
                            style="opacity: 1; width: 100%; grid-area: 1 / 2; min-width: 2px; border: 0px; margin: 0px; outline: 0; padding: 0px;"
                            tabindex="0"
                            type="text"
                            value=""
                          />
                        </div>
                      </div>
                      <div
                        class="reactSelect__indicators css-1hb7zxy-IndicatorsContainer"
                      >
                        <div
                          aria-hidden="true"
                          class="reactSelect__indicator reactSelect__loading-indicator css-at12u2-loadingIndicator"
                        >
                          <span
                            class="css-1xtdfmb-LoadingDot"
                          />
                          <span
                            class="css-zoievk-LoadingDot"
                          />
                          <span
                            class="css-x748d8-LoadingDot"
                          />
                        </div>
                        <span
                          class="reactSelect__indicator-separator css-1okebmr-indicatorSeparator"
                        />
                        <div
                          aria-hidden="true"
                          class="reactSelect__indicator reactSelect__dropdown-indicator css-tlfecz-indicatorContainer"
                        >
                          <svg
                            aria-hidden="true"
                            class="css-tj5bde-Svg"
                            focusable="false"
                            height="20"
                            viewBox="0 0 20 20"
                            width="20"
                          >
                            <path
                              d="M4.516 7.548c0.436-0.446 1.043-0.481 1.576 0l3.908 3.747 3.908-3.747c0.533-0.481 1.141-0.446 1.574 0 0.436 0.445 0.408 1.197 0 1.615-0.406 0.418-4.695 4.502-4.695 4.502-0.217 0.223-0.502 0.335-0.787 0.335s-0.57-0.112-0.789-0.335c0 0-4.287-4.084-4.695-4.502s-0.436-1.17 0-1.615z"
                            />
                          </svg>
                        </div>
                      </div>
                    </div>
                  </div>
                </div>
              </div>
              <div
                class="reset_base__1sfgjt80 sprinkles_marginBottom_8x_mobile__w76aifgo"
              >
                <div
                  class="BaseCurrencyField__125rjhq0 sprinkles_width_full_mobile__w76aifmx positionRelative"
                >
                  <div
                    class="reactSelect css-b62m3t-container"
                  >
                    <span
                      class="css-1f43avz-a11yText-A11yText"
                      id="react-select-3-live-region"
                    />
                    <span
                      aria-atomic="false"
                      aria-live="polite"
                      aria-relevant="additions text"
                      class="css-1f43avz-a11yText-A11yText"
                    />
                    <div
                      class="reactSelect__control css-1s2u09g-control"
                    >
                      <div
                        class="reactSelect__value-container css-319lph-ValueContainer"
                      >
                        <div
                          class="reactSelect__placeholder css-14el2xx-placeholder"
                          id="react-select-3-placeholder"
                        >
                          Timezone
                        </div>
                        <div
                          class="reactSelect__input-container css-6j8wv5-Input"
                          data-value=""
                        >
                          <input
                            aria-autocomplete="list"
                            aria-controls="react-select-3-listbox"
                            aria-describedby="react-select-3-placeholder"
                            aria-expanded="false"
                            aria-haspopup="true"
                            aria-owns="react-select-3-listbox"
                            autocapitalize="none"
                            autocomplete="off"
                            autocorrect="off"
                            class="reactSelect__input"
                            id="react-select-3-input"
                            role="combobox"
                            spellcheck="false"
                            style="opacity: 1; width: 100%; grid-area: 1 / 2; min-width: 2px; border: 0px; margin: 0px; outline: 0; padding: 0px;"
                            tabindex="0"
                            type="text"
                            value=""
                          />
                        </div>
                      </div>
                      <div
                        class="reactSelect__indicators css-1hb7zxy-IndicatorsContainer"
                      >
                        <div
                          aria-hidden="true"
                          class="reactSelect__indicator reactSelect__loading-indicator css-at12u2-loadingIndicator"
                        >
                          <span
                            class="css-1xtdfmb-LoadingDot"
                          />
                          <span
                            class="css-zoievk-LoadingDot"
                          />
                          <span
                            class="css-x748d8-LoadingDot"
                          />
                        </div>
                        <span
                          class="reactSelect__indicator-separator css-1okebmr-indicatorSeparator"
                        />
                        <div
                          aria-hidden="true"
                          class="reactSelect__indicator reactSelect__dropdown-indicator css-tlfecz-indicatorContainer"
                        >
                          <svg
                            aria-hidden="true"
                            class="css-tj5bde-Svg"
                            focusable="false"
                            height="20"
                            viewBox="0 0 20 20"
                            width="20"
                          >
                            <path
                              d="M4.516 7.548c0.436-0.446 1.043-0.481 1.576 0l3.908 3.747 3.908-3.747c0.533-0.481 1.141-0.446 1.574 0 0.436 0.445 0.408 1.197 0 1.615-0.406 0.418-4.695 4.502-4.695 4.502-0.217 0.223-0.502 0.335-0.787 0.335s-0.57-0.112-0.789-0.335c0 0-4.287-4.084-4.695-4.502s-0.436-1.17 0-1.615z"
                            />
                          </svg>
                        </div>
                      </div>
                    </div>
                  </div>
                </div>
              </div>
              <div
                class="reset_base__1sfgjt80"
              >
                <div
                  class="reset_base__1sfgjt80 sprinkles_display_flex_mobile__w76aif5 sprinkles_justifyContent_space-between_mobile__w76aif1y sprinkles_alignItems_center_mobile__w76aif2d"
                >
                  <div
                    class="reset_base__1sfgjt80 sprinkles_marginRight_4x_mobile__w76aifl4"
                  >
                    <label
                      class="reset_base__1sfgjt80 sprinkles_marginBottom_2x_mobile__w76aiffu sprinkles_display_block_mobile__w76aifa"
                      for="save_requisites"
                    >
                      <span
                        class="reset_base__1sfgjt80 sprinkles_color_text_default__w76aifso Text_text__1qy84op6 Text__1qy84op0 sprinkles_fontFamily_brand__w76aif1ay Text_text_variant_label__1qy84opf Text__1qy84op3 sprinkles_fontSize_medium_mobile__w76aifrx Text_text_gutterBottom_false__1qy84opj "
                      >
                        Save payment details
                      </span>
                    </label>
                  </div>
                  <label
                    class="Switch_switcher_base__nhrqeb1 Switch_switcherBase__nhrqeb0"
                    for="save_requisites"
                  >
                    <input
                      class="Switch_input__nhrqeb3"
                      id="save_requisites"
                      role="switch"
                      type="checkbox"
                      value="1"
                    />
                    <span
                      class="Switch_track_checked__nhrqeb6 Switch_trackBase__nhrqeb4"
                    >
                      <span
                        class="Switch_thumb_checked__nhrqeb9 Switch_thumbBase__nhrqeb7"
                      />
                    </span>
                  </label>
                </div>
              </div>
            </div>
          </div>
        </div>
        <div
          class="reset_base__1sfgjt80 sprinkles_paddingLeft_5x_mobile__w76aif8r sprinkles_paddingRight_5x_mobile__w76aifb9 sprinkles_paddingTop_8x_mobile__w76aif46 sprinkles_paddingBottom_8x_mobile__w76aif6o sprinkles_display_flex_mobile__w76aif5 sprinkles_justifyContent_space-between_mobile__w76aif1y sprinkles_borderBottomWidth_1x__w76aif1a7 sprinkles_borderBottomStyle_solid__w76aif1a9 sprinkles_borderBottomColor_modalHeaderBorderBottom_default__w76aif18q ProfileSettings_block__8rz5n50"
        >
          <div
            class="reset_base__1sfgjt80 sprinkles_marginBottom_6x_mobile__w76aifge ProfileSettings_label__8rz5n51"
          >
            <span
              class="reset_base__1sfgjt80 sprinkles_color_text_default__w76aifso sprinkles_fontWeight_strong__w76aif1b0 Text_text__1qy84op6 Text__1qy84op0 sprinkles_fontFamily_brand__w76aif1ay Text_text_variant_label__1qy84opf Text__1qy84op3 sprinkles_fontSize_medium_mobile__w76aifrx Text_text_gutterBottom_false__1qy84opj "
            >
              Security
            </span>
          </div>
          <div
            class="ProfileSettings_controls__8rz5n52"
          >
            <div
              class="reset_base__1sfgjt80 sprinkles_display_flex_mobile__w76aif5 sprinkles_flexDirection_column_mobile__w76aifu"
            >
              <div
                class="reset_base__1sfgjt80 sprinkles_marginBottom_8x_mobile__w76aifgo"
              >
                <div
                  class="reset_base__1sfgjt80 sprinkles_display_flex_mobile__w76aif5 sprinkles_justifyContent_space-between_mobile__w76aif1y sprinkles_alignItems_center_mobile__w76aif2d"
                >
                  <div
                    class="reset_base__1sfgjt80 sprinkles_marginRight_4x_mobile__w76aifl4"
                  >
                    <label
                      class="reset_base__1sfgjt80 sprinkles_marginBottom_2x_mobile__w76aiffu sprinkles_display_block_mobile__w76aifa"
                      for="2fa"
                    >
                      <span
                        class="reset_base__1sfgjt80 sprinkles_color_text_default__w76aifso Text_text__1qy84op6 Text__1qy84op0 sprinkles_fontFamily_brand__w76aif1ay Text_text_variant_label__1qy84opf Text__1qy84op3 sprinkles_fontSize_medium_mobile__w76aifrx Text_text_gutterBottom_false__1qy84opj "
                      >
                        Two-factor authentication
                      </span>
                    </label>
                    <span
                      class="reset_base__1sfgjt80 sprinkles_color_danger_default__w76aifsi sprinkles_fontWeight_strong__w76aif1b0 Text_text__1qy84op6 Text__1qy84op0 sprinkles_fontFamily_brand__w76aif1ay Text_text_variant_label__1qy84opf Text__1qy84op3 sprinkles_fontSize_medium_mobile__w76aifrx Text_text_gutterBottom_false__1qy84opj "
                    >
                      Disabled
                    </span>
                  </div>
                  <label
                    class="Switch_switcher_base__nhrqeb1 Switch_switcherBase__nhrqeb0"
                    for="2fa"
                  >
                    <input
                      class="Switch_input__nhrqeb3"
                      id="2fa"
                      role="switch"
                      type="checkbox"
                      value="0"
                    />
                    <span
                      class="Switch_track_base__nhrqeb5 Switch_trackBase__nhrqeb4"
                    >
                      <span
                        class="Switch_thumb_base__nhrqeb8 Switch_thumbBase__nhrqeb7"
                      />
                    </span>
                  </label>
                </div>
              </div>
              <div
                class="reset_base__1sfgjt80"
              >
                <div
                  class="reset_base__1sfgjt80 sprinkles_display_flex_mobile__w76aif5 sprinkles_justifyContent_space-between_mobile__w76aif1y sprinkles_alignItems_center_mobile__w76aif2d"
                >
                  <div
                    class="reset_base__1sfgjt80 sprinkles_marginRight_4x_mobile__w76aifl4"
                  >
                    <label
                      class="reset_base__1sfgjt80 sprinkles_marginBottom_2x_mobile__w76aiffu sprinkles_display_block_mobile__w76aifa"
                      for="safe_mode_enabled"
                    >
                      <span
                        class="reset_base__1sfgjt80 sprinkles_color_text_default__w76aifso Text_text__1qy84op6 Text__1qy84op0 sprinkles_fontFamily_brand__w76aif1ay Text_text_variant_label__1qy84opf Text__1qy84op3 sprinkles_fontSize_medium_mobile__w76aifrx Text_text_gutterBottom_false__1qy84opj "
                      >
                        Safe Mode
                      </span>
                    </label>
                    <span
                      class="reset_base__1sfgjt80 sprinkles_color_textMuted_default__w76aifss Text_text__1qy84op6 Text__1qy84op0 sprinkles_fontFamily_brand__w76aif1ay Text_text_variant_label__1qy84opf Text__1qy84op3 sprinkles_fontSize_medium_mobile__w76aifrx Text_text_gutterBottom_false__1qy84opj "
                    >
                      When safe mode is enabled, only trusted traders are available to you.
                    </span>
                  </div>
                  <label
                    class="Switch_switcher_base__nhrqeb1 Switch_switcherBase__nhrqeb0"
                    for="safe_mode_enabled"
                  >
                    <input
                      class="Switch_input__nhrqeb3"
                      id="safe_mode_enabled"
                      role="switch"
                      type="checkbox"
                      value="1"
                    />
                    <span
                      class="Switch_track_checked__nhrqeb6 Switch_trackBase__nhrqeb4"
                    >
                      <span
                        class="Switch_thumb_checked__nhrqeb9 Switch_thumbBase__nhrqeb7"
                      />
                    </span>
                  </label>
                </div>
              </div>
            </div>
          </div>
        </div>
        <div
          class="reset_base__1sfgjt80 sprinkles_paddingLeft_5x_mobile__w76aif8r sprinkles_paddingRight_5x_mobile__w76aifb9 sprinkles_paddingTop_8x_mobile__w76aif46 sprinkles_paddingBottom_8x_mobile__w76aif6o sprinkles_display_flex_mobile__w76aif5 sprinkles_justifyContent_space-between_mobile__w76aif1y sprinkles_borderBottomColor_modalHeaderBorderBottom_default__w76aif18q ProfileSettings_block__8rz5n50"
        >
          <div
            class="reset_base__1sfgjt80 sprinkles_marginBottom_6x_mobile__w76aifge ProfileSettings_label__8rz5n51"
          >
            <p
              class="reset_base__1sfgjt80 sprinkles_color_text_default__w76aifso sprinkles_fontWeight_strong__w76aif1b0 Text_text__1qy84op6 Text__1qy84op0 sprinkles_fontFamily_brand__w76aif1ay Text_text_variant_label__1qy84opf Text__1qy84op3 sprinkles_fontSize_medium_mobile__w76aifrx Text_text_gutterBottom_false__1qy84opj "
            >
              Notifications
            </p>
            <p
              class="reset_base__1sfgjt80 sprinkles_color_textMuted_default__w76aifss Text_text__1qy84op6 Text__1qy84op0 sprinkles_fontFamily_brand__w76aif1ay Text_text_variant_label__1qy84opf Text__1qy84op3 sprinkles_fontSize_medium_mobile__w76aifrx Text_text_gutterBottom_false__1qy84opj "
            >
              Night time is from 11PM to 9AM according to your local time.
            </p>
          </div>
          <div
            class="ProfileSettings_controls__8rz5n52"
          >
            <div
              class="reset_base__1sfgjt80 sprinkles_display_flex_mobile__w76aif5 sprinkles_flexDirection_column_mobile__w76aifu"
            >
              <div
                class="reset_base__1sfgjt80 sprinkles_marginBottom_8x_mobile__w76aifgo"
              >
                <label
                  class="reset_base__1sfgjt80 sprinkles_display_block_mobile__w76aifa"
                >
                  <div
                    class="reset_base__1sfgjt80 sprinkles_marginBottom_2x_mobile__w76aiffu"
                  >
                    <span
                      class="reset_base__1sfgjt80 sprinkles_color_text_default__w76aifso Text_text__1qy84op6 Text__1qy84op0 sprinkles_fontFamily_brand__w76aif1ay Text_text_variant_label__1qy84opf Text__1qy84op3 sprinkles_fontSize_medium_mobile__w76aifrx Text_text_gutterBottom_false__1qy84opj "
                    >
                      New referrals
                    </span>
                  </div>
                  <div
                    class="reset_base__1sfgjt80 sprinkles_marginBottom_4x_mobile__w76aifg4"
                  >
                    <span
                      class="reset_base__1sfgjt80 sprinkles_color_textMuted_default__w76aifss Text_text__1qy84op6 Text__1qy84op0 sprinkles_fontFamily_brand__w76aif1ay Text_text_variant_label__1qy84opf Text__1qy84op3 sprinkles_fontSize_medium_mobile__w76aifrx Text_text_gutterBottom_false__1qy84opj "
                    >
                      Notifications of new referrals after the user has registered in the service by your referral link.
                    </span>
                  </div>
                  <div
                    class="BaseCurrencyField__125rjhq0 sprinkles_width_full_mobile__w76aifmx positionRelative"
                  >
                    <label
                      class="reactSelectLabel ellipsis"
                    />
                    <div
                      class="reactSelect css-b62m3t-container"
                    >
                      <span
                        class="css-1f43avz-a11yText-A11yText"
                        id="react-select-4-live-region"
                      />
                      <span
                        aria-atomic="false"
                        aria-live="polite"
                        aria-relevant="additions text"
                        class="css-1f43avz-a11yText-A11yText"
                      />
                      <div
                        class="reactSelect__control css-1s2u09g-control"
                      >
                        <div
                          class="reactSelect__value-container reactSelect__value-container--has-value css-319lph-ValueContainer"
                        >
                          <div
                            class="reactSelect__single-value css-qc6sy-singleValue"
                          >
                            Disabled
                          </div>
                          <div
                            class="reactSelect__input-container css-6j8wv5-Input"
                            data-value=""
                          >
                            <input
                              aria-autocomplete="list"
                              aria-controls="react-select-4-listbox"
                              aria-expanded="false"
                              aria-haspopup="true"
                              aria-owns="react-select-4-listbox"
                              autocapitalize="none"
                              autocomplete="off"
                              autocorrect="off"
                              class="reactSelect__input"
                              id="react-select-4-input"
                              role="combobox"
                              spellcheck="false"
                              style="opacity: 1; width: 100%; grid-area: 1 / 2; min-width: 2px; border: 0px; margin: 0px; outline: 0; padding: 0px;"
                              tabindex="0"
                              type="text"
                              value=""
                            />
                          </div>
                        </div>
                        <div
                          class="reactSelect__indicators css-1hb7zxy-IndicatorsContainer"
                        >
                          <span
                            class="reactSelect__indicator-separator css-1okebmr-indicatorSeparator"
                          />
                          <div
                            aria-hidden="true"
                            class="reactSelect__indicator reactSelect__dropdown-indicator css-tlfecz-indicatorContainer"
                          >
                            <svg
                              aria-hidden="true"
                              class="css-tj5bde-Svg"
                              focusable="false"
                              height="20"
                              viewBox="0 0 20 20"
                              width="20"
                            >
                              <path
                                d="M4.516 7.548c0.436-0.446 1.043-0.481 1.576 0l3.908 3.747 3.908-3.747c0.533-0.481 1.141-0.446 1.574 0 0.436 0.445 0.408 1.197 0 1.615-0.406 0.418-4.695 4.502-4.695 4.502-0.217 0.223-0.502 0.335-0.787 0.335s-0.57-0.112-0.789-0.335c0 0-4.287-4.084-4.695-4.502s-0.436-1.17 0-1.615z"
                              />
                            </svg>
                          </div>
                        </div>
                      </div>
                    </div>
                  </div>
                </label>
              </div>
              <div
                class="reset_base__1sfgjt80 sprinkles_marginBottom_8x_mobile__w76aifgo"
              >
                <label
                  class="reset_base__1sfgjt80 sprinkles_display_block_mobile__w76aifa"
                >
                  <div
                    class="reset_base__1sfgjt80 sprinkles_marginBottom_2x_mobile__w76aiffu"
                  >
                    <span
                      class="reset_base__1sfgjt80 sprinkles_color_text_default__w76aifso Text_text__1qy84op6 Text__1qy84op0 sprinkles_fontFamily_brand__w76aif1ay Text_text_variant_label__1qy84opf Text__1qy84op3 sprinkles_fontSize_medium_mobile__w76aifrx Text_text_gutterBottom_false__1qy84opj "
                    >
                      Referral Payments
                    </span>
                  </div>
                  <div
                    class="reset_base__1sfgjt80 sprinkles_marginBottom_4x_mobile__w76aifg4"
                  >
                    <span
                      class="reset_base__1sfgjt80 sprinkles_color_textMuted_default__w76aifss Text_text__1qy84op6 Text__1qy84op0 sprinkles_fontFamily_brand__w76aif1ay Text_text_variant_label__1qy84opf Text__1qy84op3 sprinkles_fontSize_medium_mobile__w76aifrx Text_text_gutterBottom_false__1qy84opj "
                    >
                      Payout notifications after the user has completed a trade.
                    </span>
                  </div>
                  <div
                    class="BaseCurrencyField__125rjhq0 sprinkles_width_full_mobile__w76aifmx positionRelative"
                  >
                    <label
                      class="reactSelectLabel ellipsis"
                    />
                    <div
                      class="reactSelect css-b62m3t-container"
                    >
                      <span
                        class="css-1f43avz-a11yText-A11yText"
                        id="react-select-5-live-region"
                      />
                      <span
                        aria-atomic="false"
                        aria-live="polite"
                        aria-relevant="additions text"
                        class="css-1f43avz-a11yText-A11yText"
                      />
                      <div
                        class="reactSelect__control css-1s2u09g-control"
                      >
                        <div
                          class="reactSelect__value-container reactSelect__value-container--has-value css-319lph-ValueContainer"
                        >
                          <div
                            class="reactSelect__single-value css-qc6sy-singleValue"
                          >
                            Disabled
                          </div>
                          <div
                            class="reactSelect__input-container css-6j8wv5-Input"
                            data-value=""
                          >
                            <input
                              aria-autocomplete="list"
                              aria-controls="react-select-5-listbox"
                              aria-expanded="false"
                              aria-haspopup="true"
                              aria-owns="react-select-5-listbox"
                              autocapitalize="none"
                              autocomplete="off"
                              autocorrect="off"
                              class="reactSelect__input"
                              id="react-select-5-input"
                              role="combobox"
                              spellcheck="false"
                              style="opacity: 1; width: 100%; grid-area: 1 / 2; min-width: 2px; border: 0px; margin: 0px; outline: 0; padding: 0px;"
                              tabindex="0"
                              type="text"
                              value=""
                            />
                          </div>
                        </div>
                        <div
                          class="reactSelect__indicators css-1hb7zxy-IndicatorsContainer"
                        >
                          <span
                            class="reactSelect__indicator-separator css-1okebmr-indicatorSeparator"
                          />
                          <div
                            aria-hidden="true"
                            class="reactSelect__indicator reactSelect__dropdown-indicator css-tlfecz-indicatorContainer"
                          >
                            <svg
                              aria-hidden="true"
                              class="css-tj5bde-Svg"
                              focusable="false"
                              height="20"
                              viewBox="0 0 20 20"
                              width="20"
                            >
                              <path
                                d="M4.516 7.548c0.436-0.446 1.043-0.481 1.576 0l3.908 3.747 3.908-3.747c0.533-0.481 1.141-0.446 1.574 0 0.436 0.445 0.408 1.197 0 1.615-0.406 0.418-4.695 4.502-4.695 4.502-0.217 0.223-0.502 0.335-0.787 0.335s-0.57-0.112-0.789-0.335c0 0-4.287-4.084-4.695-4.502s-0.436-1.17 0-1.615z"
                              />
                            </svg>
                          </div>
                        </div>
                      </div>
                    </div>
                  </div>
                </label>
              </div>
              <div
                class="reset_base__1sfgjt80 sprinkles_marginBottom_8x_mobile__w76aifgo"
              >
                <label
                  class="reset_base__1sfgjt80 sprinkles_display_block_mobile__w76aifa"
                >
                  <div
                    class="reset_base__1sfgjt80 sprinkles_marginBottom_2x_mobile__w76aiffu"
                  >
                    <span
                      class="reset_base__1sfgjt80 sprinkles_color_text_default__w76aifso Text_text__1qy84op6 Text__1qy84op0 sprinkles_fontFamily_brand__w76aif1ay Text_text_variant_label__1qy84opf Text__1qy84op3 sprinkles_fontSize_medium_mobile__w76aifrx Text_text_gutterBottom_false__1qy84opj "
                    >
                      Free trades
                    </span>
                  </div>
                  <div
                    class="reset_base__1sfgjt80 sprinkles_marginBottom_4x_mobile__w76aifg4"
                  >
                    <span
                      class="reset_base__1sfgjt80 sprinkles_color_textMuted_default__w76aifss Text_text__1qy84op6 Text__1qy84op0 sprinkles_fontFamily_brand__w76aif1ay Text_text_variant_label__1qy84opf Text__1qy84op3 sprinkles_fontSize_medium_mobile__w76aifrx Text_text_gutterBottom_false__1qy84opj "
                    >
                      Notification that your trade was free and the commission has returned to the balance.
                    </span>
                  </div>
                  <div
                    class="BaseCurrencyField__125rjhq0 sprinkles_width_full_mobile__w76aifmx positionRelative"
                  >
                    <label
                      class="reactSelectLabel ellipsis"
                    />
                    <div
                      class="reactSelect css-b62m3t-container"
                    >
                      <span
                        class="css-1f43avz-a11yText-A11yText"
                        id="react-select-6-live-region"
                      />
                      <span
                        aria-atomic="false"
                        aria-live="polite"
                        aria-relevant="additions text"
                        class="css-1f43avz-a11yText-A11yText"
                      />
                      <div
                        class="reactSelect__control css-1s2u09g-control"
                      >
                        <div
                          class="reactSelect__value-container reactSelect__value-container--has-value css-319lph-ValueContainer"
                        >
                          <div
                            class="reactSelect__single-value css-qc6sy-singleValue"
                          >
                            Disabled
                          </div>
                          <div
                            class="reactSelect__input-container css-6j8wv5-Input"
                            data-value=""
                          >
                            <input
                              aria-autocomplete="list"
                              aria-controls="react-select-6-listbox"
                              aria-expanded="false"
                              aria-haspopup="true"
                              aria-owns="react-select-6-listbox"
                              autocapitalize="none"
                              autocomplete="off"
                              autocorrect="off"
                              class="reactSelect__input"
                              id="react-select-6-input"
                              role="combobox"
                              spellcheck="false"
                              style="opacity: 1; width: 100%; grid-area: 1 / 2; min-width: 2px; border: 0px; margin: 0px; outline: 0; padding: 0px;"
                              tabindex="0"
                              type="text"
                              value=""
                            />
                          </div>
                        </div>
                        <div
                          class="reactSelect__indicators css-1hb7zxy-IndicatorsContainer"
                        >
                          <span
                            class="reactSelect__indicator-separator css-1okebmr-indicatorSeparator"
                          />
                          <div
                            aria-hidden="true"
                            class="reactSelect__indicator reactSelect__dropdown-indicator css-tlfecz-indicatorContainer"
                          >
                            <svg
                              aria-hidden="true"
                              class="css-tj5bde-Svg"
                              focusable="false"
                              height="20"
                              viewBox="0 0 20 20"
                              width="20"
                            >
                              <path
                                d="M4.516 7.548c0.436-0.446 1.043-0.481 1.576 0l3.908 3.747 3.908-3.747c0.533-0.481 1.141-0.446 1.574 0 0.436 0.445 0.408 1.197 0 1.615-0.406 0.418-4.695 4.502-4.695 4.502-0.217 0.223-0.502 0.335-0.787 0.335s-0.57-0.112-0.789-0.335c0 0-4.287-4.084-4.695-4.502s-0.436-1.17 0-1.615z"
                              />
                            </svg>
                          </div>
                        </div>
                      </div>
                    </div>
                  </div>
                </label>
              </div>
              <div
                class="reset_base__1sfgjt80"
              >
                <label
                  class="reset_base__1sfgjt80 sprinkles_display_block_mobile__w76aifa"
                >
                  <div
                    class="reset_base__1sfgjt80 sprinkles_marginBottom_2x_mobile__w76aiffu"
                  >
                    <span
                      class="reset_base__1sfgjt80 sprinkles_color_text_default__w76aifso Text_text__1qy84op6 Text__1qy84op0 sprinkles_fontFamily_brand__w76aif1ay Text_text_variant_label__1qy84opf Text__1qy84op3 sprinkles_fontSize_medium_mobile__w76aifrx Text_text_gutterBottom_false__1qy84opj "
                    >
                      Service messages
                    </span>
                  </div>
                  <div
                    class="reset_base__1sfgjt80 sprinkles_marginBottom_4x_mobile__w76aifg4"
                  >
                    <span
                      class="reset_base__1sfgjt80 sprinkles_color_textMuted_default__w76aifss Text_text__1qy84op6 Text__1qy84op0 sprinkles_fontFamily_brand__w76aif1ay Text_text_variant_label__1qy84opf Text__1qy84op3 sprinkles_fontSize_medium_mobile__w76aifrx Text_text_gutterBottom_false__1qy84opj "
                    >
                      Very rare, but sometimes Bitzlato sends important messages to users, but we value the comfort of users more, so you can change the settings for receiving such messages.
                    </span>
                  </div>
                  <div
                    class="BaseCurrencyField__125rjhq0 sprinkles_width_full_mobile__w76aifmx positionRelative"
                  >
                    <label
                      class="reactSelectLabel ellipsis"
                    />
                    <div
                      class="reactSelect css-b62m3t-container"
                    >
                      <span
                        class="css-1f43avz-a11yText-A11yText"
                        id="react-select-7-live-region"
                      />
                      <span
                        aria-atomic="false"
                        aria-live="polite"
                        aria-relevant="additions text"
                        class="css-1f43avz-a11yText-A11yText"
                      />
                      <div
                        class="reactSelect__control css-1s2u09g-control"
                      >
                        <div
                          class="reactSelect__value-container reactSelect__value-container--has-value css-319lph-ValueContainer"
                        >
                          <div
                            class="reactSelect__single-value css-qc6sy-singleValue"
                          >
                            Disabled
                          </div>
                          <div
                            class="reactSelect__input-container css-6j8wv5-Input"
                            data-value=""
                          >
                            <input
                              aria-autocomplete="list"
                              aria-controls="react-select-7-listbox"
                              aria-expanded="false"
                              aria-haspopup="true"
                              aria-owns="react-select-7-listbox"
                              autocapitalize="none"
                              autocomplete="off"
                              autocorrect="off"
                              class="reactSelect__input"
                              id="react-select-7-input"
                              role="combobox"
                              spellcheck="false"
                              style="opacity: 1; width: 100%; grid-area: 1 / 2; min-width: 2px; border: 0px; margin: 0px; outline: 0; padding: 0px;"
                              tabindex="0"
                              type="text"
                              value=""
                            />
                          </div>
                        </div>
                        <div
                          class="reactSelect__indicators css-1hb7zxy-IndicatorsContainer"
                        >
                          <span
                            class="reactSelect__indicator-separator css-1okebmr-indicatorSeparator"
                          />
                          <div
                            aria-hidden="true"
                            class="reactSelect__indicator reactSelect__dropdown-indicator css-tlfecz-indicatorContainer"
                          >
                            <svg
                              aria-hidden="true"
                              class="css-tj5bde-Svg"
                              focusable="false"
                              height="20"
                              viewBox="0 0 20 20"
                              width="20"
                            >
                              <path
                                d="M4.516 7.548c0.436-0.446 1.043-0.481 1.576 0l3.908 3.747 3.908-3.747c0.533-0.481 1.141-0.446 1.574 0 0.436 0.445 0.408 1.197 0 1.615-0.406 0.418-4.695 4.502-4.695 4.502-0.217 0.223-0.502 0.335-0.787 0.335s-0.57-0.112-0.789-0.335c0 0-4.287-4.084-4.695-4.502s-0.436-1.17 0-1.615z"
                              />
                            </svg>
                          </div>
                        </div>
                      </div>
                    </div>
                  </div>
                </label>
              </div>
            </div>
          </div>
        </div>
      </div>
    </div>
  </div>
  <div
    class="container xl my4"
  >
    <div
      class="cardDesktop pg-profile-page__api-keys col bodyBgColor"
    >
      <div
        class="cardHeader padding3 primaryColor"
      >
        <h4>
          P2P API Keys
        </h4>
      </div>
      <div
        class="col colSpacing2 padding3"
      >
        <div
          class="reset_base__1sfgjt80 sprinkles_display_flex_mobile__w76aif5 sprinkles_justifyContent_center_mobile__w76aif1j"
        >
          <div
            class="reset_base__1sfgjt80 Spinner_loader__10nrjke1"
          />
        </div>
        <div
          class="reset_base__1sfgjt80 sprinkles_marginTop_4x_mobile__w76aifdm"
        >
          <button
            class="reset_base__1sfgjt80 reset_button__1sfgjt81 Button_button__9n3otyi Button__9n3oty0 sprinkles_fontFamily_brand__w76aif1ay sprinkles_display_inline-block_mobile__w76aifk sprinkles_fontWeight_strong__w76aif1b0 Button_button_variant_contained__9n3otyj  Button_button_color_secondary__9n3otym Button_button_size_medium__9n3otyp Button__9n3oty3 sprinkles_paddingLeft_4x_mobile__w76aif8m sprinkles_paddingRight_4x_mobile__w76aifb4 sprinkles_paddingTop_2x_mobile__w76aif3c sprinkles_paddingBottom_2x_mobile__w76aif5u sprinkles_fontSize_medium_mobile__w76aifrx sprinkles_lineHeight_medium__w76aif1b2 sprinkles_borderRadius_1x__w76aif1af Button_button_disabled_false__9n3otys  Button_button_fullWidth_false__9n3otyu  Button_button_compound_4__9n3otyx Button__9n3otya sprinkles_backgroundColor_btnSecondaryBg_default__w76aifya sprinkles_backgroundColor_btnSecondaryBgHover_hover__w76aifyd sprinkles_color_btnSecondaryText_default__w76aifu8"
            type="button"
          >
            Create API key
          </button>
        </div>
      </div>
    </div>
  </div>
  <div
    class="container xl my4"
  >
    <div
      class="cardDesktop pg-profile-page__api-keys col bodyBgColor"
    >
      <div
        class="cardHeader padding3 primaryColor"
      >
        <div
          class="row justifyBetween"
        >
          <h4>
            My API Keys
          </h4>
        </div>
      </div>
      <div
        class="col colSpacing2 padding3"
      >
        <p
          class="pg-profile-page__label pg-profile-page__text-center"
        >
          Please enable Two-factor authentication
        </p>
      </div>
    </div>
  </div>
  <div
    class="container xl my4"
  >
    <div
      class="cardDesktop pg-profile-page__activity col bodyBgColor"
    >
      <div
        class="cardHeader padding3 primaryColor"
      >
        <h4>
          Account Activity
        </h4>
      </div>
      <div
        class="col colSpacing2 padding3"
      >
        <div
          class="pg-history-elem pg-history-empty"
        />
      </div>
    </div>
  </div>
</div>
`;
