// Jest Snapshot v1, https://goo.gl/fbAQLP

exports[`Order should match snapshot 1`] = `
<div
  class="cr-order cr-order--extended row alignStart rowSpacing"
>
  <div
    class="cr-order--extended__buy"
  >
    <div
      class="cr-tab-panel cr-tab-panel__fixed"
    >
      <div
        class="cr-tab-panel__navigation-container draggable-container"
      >
        <div
          class="cr-tab-panel__navigation-container-navigation"
          role="tablist"
        >
          <div
            class="cr-tab cr-tab__active"
            role="tab"
            tabindex="0"
          >
            Buy
            <span
              class="cr-tab__pointer"
            />
          </div>
        </div>
      </div>
      <div
        class="cr-tab-content cr-tab-content__active"
      >
        <div
          class="cr-order-form"
        >
          <div
            class="cr-order-item"
          >
            <div
              class="cr-order-item__dropdown__label"
            >
              Order Type
            </div>
            <div
              class="cr-dropdown"
            >
              <div
                class="dropdown"
              >
                <button
                  aria-expanded="false"
                  aria-haspopup="true"
                  class="dropdown-toggle btn btn-primary"
                  id="dropdown-basic"
                  type="button"
                >
                  Market
                  <svg
                    class="cr-dropdown__arrow"
                    fill="none"
                    height="8"
                    viewBox="0 0 12 8"
                    width="12"
                    xmlns="http://www.w3.org/2000/svg"
                  >
                    <path
                      d="M1.41 0.590088L6 5.17009L10.59 0.590088L12 2.00009L6 8.00009L0 2.00009L1.41 0.590088Z"
                      fill="var(--icons)"
                    />
                  </svg>
                </button>
              </div>
            </div>
          </div>
          <div
            class="cr-order-item"
          >
            <div
              class="input row grow padding"
            >
              <label
                class="inputLabel"
              >
                Price
              </label>
              <div
                class="row grow rowSpacing"
              >
                <span
                  class="bold ellipsis"
                >
                  ≈ 
                  <span
                    class="primaryColor"
                  >
                    5
                    <span
                      class="fractional"
                    >
                      .00
                    </span>
                  </span>
                </span>
                <span
                  class=""
                >
                  <span
                    class="currency"
                  >
                    <span>
                      BTC
                    </span>
                  </span>
                </span>
              </div>
            </div>
          </div>
          <div
            class="cr-order-item"
          >
            <div
              class="cr-order-item__prices"
            >
              <span
                class="row smSize bidColor"
              >
                ▲ 10
                <span
                  class="fractional"
                >
                  .00
                </span>
              </span>
              <span
                class="row smSize askColor"
              >
                ▼ 10
                <span
                  class="fractional"
                >
                  .00
                </span>
              </span>
            </div>
          </div>
          <div
            class="cr-order-item"
          >
            <div
              class="cr-order-input"
            >
              <div
                class="custom-input"
              >
                <label />
                <input
                  class="form-control"
                  placeholder="Amount"
                  type="number"
                  value=""
                />
              </div>
              <span
                class="currency cr-order-input__currency"
              >
                <span>
                  ETH
                </span>
              </span>
            </div>
          </div>
          <div
            class="cr-order-item"
          >
            <div
              class="row justifyBetween selfStretch wrap"
            >
              <label>
                Min Amount
              </label>
              <span
                class=""
              >
                <span
                  class="primaryColor"
                >
                  0
                  <span
                    class="fractional"
                  >
                    .00
                  </span>
                </span>
                 
                <span
                  class="currency"
                >
                  <span>
                    ETH
                  </span>
                </span>
              </span>
            </div>
          </div>
          <div
            class="cr-order-item"
          >
            <div
              class="cr-order-item__percentage-buttons"
            >
              <button
                class="cr-percentage-button"
              >
                25%
              </button>
              <button
                class="cr-percentage-button"
              >
                50%
              </button>
              <button
                class="cr-percentage-button"
              >
                75%
              </button>
              <button
                class="cr-percentage-button"
              >
                100%
              </button>
            </div>
          </div>
          <div
            class="cr-order-item"
          >
            <div
              class="row justifyBetween selfStretch wrap lgSize"
            >
              <label>
                Total
              </label>
              <div
                class="row rowSpacingSm"
              >
                <span
                  class="secondaryColor"
                >
                  ≈
                </span>
                <span
                  class=""
                >
                  <span
                    class="primaryColor"
                  >
                    0
                    <span
                      class="fractional"
                    >
                      .00
                    </span>
                  </span>
                   
                  <span
                    class="currency"
                  >
                    <span>
                      BTC
                    </span>
                  </span>
                </span>
              </div>
            </div>
          </div>
          <div
            class="cr-order-item"
          >
            <div
              class="row justifyBetween selfStretch wrap"
            >
              <label>
                Available
              </label>
              <span
                class=""
              >
                <span
                  class="primaryColor"
                >
                  12
                  <span
                    class="fractional"
                  >
                    .00
                  </span>
                </span>
                 
                <span
                  class="currency"
                >
                  <span>
                    BTC
                  </span>
                </span>
              </span>
            </div>
          </div>
          <div
            class="cr-order-item"
          >
            <button
              class="row rowSpacing btn btn-success btn-block btn-lg"
              disabled=""
              type="button"
            >
              <span>
                Buy
              </span>
              <span
                class="currency"
              >
                <span>
                  ETH
                </span>
              </span>
            </button>
          </div>
        </div>
      </div>
    </div>
  </div>
  <div
    class="cr-order--extended__sell"
  >
    <div
      class="cr-tab-panel cr-tab-panel__fixed"
    >
      <div
        class="cr-tab-panel__navigation-container draggable-container"
      >
        <div
          class="cr-tab-panel__navigation-container-navigation"
          role="tablist"
        >
          <div
            class="cr-tab cr-tab__active"
            role="tab"
            tabindex="0"
          >
            Sell
            <span
              class="cr-tab__pointer"
            />
          </div>
        </div>
      </div>
      <div
        class="cr-tab-content cr-tab-content__active"
      >
        <div
          class="cr-order-form"
        >
          <div
            class="cr-order-item"
          >
            <div
              class="cr-order-item__dropdown__label"
            >
              Order Type
            </div>
            <div
              class="cr-dropdown"
            >
              <div
                class="dropdown"
              >
                <button
                  aria-expanded="false"
                  aria-haspopup="true"
                  class="dropdown-toggle btn btn-primary"
                  id="dropdown-basic"
                  type="button"
                >
                  Market
                  <svg
                    class="cr-dropdown__arrow"
                    fill="none"
                    height="8"
                    viewBox="0 0 12 8"
                    width="12"
                    xmlns="http://www.w3.org/2000/svg"
                  >
                    <path
                      d="M1.41 0.590088L6 5.17009L10.59 0.590088L12 2.00009L6 8.00009L0 2.00009L1.41 0.590088Z"
                      fill="var(--icons)"
                    />
                  </svg>
                </button>
              </div>
            </div>
          </div>
          <div
            class="cr-order-item"
          >
            <div
              class="input row grow padding"
            >
              <label
                class="inputLabel"
              >
                Price
              </label>
              <div
                class="row grow rowSpacing"
              >
                <span
                  class="bold ellipsis"
                >
                  ≈ 
                  <span
                    class="primaryColor"
                  >
                    10
                    <span
                      class="fractional"
                    >
                      .00
                    </span>
                  </span>
                </span>
                <span
                  class=""
                >
                  <span
                    class="currency"
                  >
                    <span>
                      BTC
                    </span>
                  </span>
                </span>
              </div>
            </div>
          </div>
          <div
            class="cr-order-item"
          >
            <div
              class="cr-order-item__prices"
            >
              <span
                class="row smSize bidColor"
              >
                ▲ 10
                <span
                  class="fractional"
                >
                  .00
                </span>
              </span>
              <span
                class="row smSize askColor"
              >
                ▼ 10
                <span
                  class="fractional"
                >
                  .00
                </span>
              </span>
            </div>
          </div>
          <div
            class="cr-order-item"
          >
            <div
              class="cr-order-input"
            >
              <div
                class="custom-input"
              >
                <label />
                <input
                  class="form-control"
                  placeholder="Amount"
                  type="number"
                  value=""
                />
              </div>
              <span
                class="currency cr-order-input__currency"
              >
                <span>
                  ETH
                </span>
              </span>
            </div>
          </div>
          <div
            class="cr-order-item"
          >
            <div
              class="row justifyBetween selfStretch wrap"
            >
              <label>
                Min Amount
              </label>
              <span
                class=""
              >
                <span
                  class="primaryColor"
                >
                  0
                  <span
                    class="fractional"
                  >
                    .00
                  </span>
                </span>
                 
                <span
                  class="currency"
                >
                  <span>
                    ETH
                  </span>
                </span>
              </span>
            </div>
          </div>
          <div
            class="cr-order-item"
          >
            <div
              class="cr-order-item__percentage-buttons"
            >
              <button
                class="cr-percentage-button"
              >
                25%
              </button>
              <button
                class="cr-percentage-button"
              >
                50%
              </button>
              <button
                class="cr-percentage-button"
              >
                75%
              </button>
              <button
                class="cr-percentage-button"
              >
                100%
              </button>
            </div>
          </div>
          <div
            class="cr-order-item"
          >
            <div
              class="row justifyBetween selfStretch wrap lgSize"
            >
              <label>
                Total
              </label>
              <div
                class="row rowSpacingSm"
              >
                <span
                  class="secondaryColor"
                >
                  ≈
                </span>
                <span
                  class=""
                >
                  <span
                    class="primaryColor"
                  >
                    0
                    <span
                      class="fractional"
                    >
                      .00
                    </span>
                  </span>
                   
                  <span
                    class="currency"
                  >
                    <span>
                      BTC
                    </span>
                  </span>
                </span>
              </div>
            </div>
          </div>
          <div
            class="cr-order-item"
          >
            <div
              class="row justifyBetween selfStretch wrap"
            >
              <label>
                Available
              </label>
              <span
                class=""
              >
                <span
                  class="primaryColor"
                >
                  200
                  <span
                    class="fractional"
                  >
                    .00
                  </span>
                </span>
                 
                <span
                  class="currency"
                >
                  <span>
                    ETH
                  </span>
                </span>
              </span>
            </div>
          </div>
          <div
            class="cr-order-item"
          >
            <button
              class="row rowSpacing btn btn-danger btn-block btn-lg"
              disabled=""
              type="button"
            >
              <span>
                Sell
              </span>
              <span
                class="currency"
              >
                <span>
                  ETH
                </span>
              </span>
            </button>
          </div>
        </div>
      </div>
    </div>
  </div>
</div>
`;
