// Jest Snapshot v1, https://goo.gl/fbAQLP

exports[`Order should match snapshot 1`] = `
<div
  class="cr-order cr-order--extended row alignStart rowSpacing"
>
  <div
    class="cr-order--extended__buy"
  >
    <div
      class="cr-tab-panel cr-tab-panel__fixed"
    >
      <div
        class="cr-tab-panel__navigation-container draggable-container"
      >
        <div
          class="cr-tab-panel__navigation-container-navigation"
          role="tablist"
        >
          <div
            class="cr-tab cr-tab__active"
            role="tab"
            tabindex="0"
          >
            Buy
            <span
              class="cr-tab__pointer"
            />
          </div>
        </div>
      </div>
      <div
        class="cr-tab-content cr-tab-content__active"
      >
        <div
          class="cr-order-form"
        >
          <div
            class="cr-order-item"
          >
            <div
              class="cr-order-item__dropdown__label"
            >
              Order Type
            </div>
            <div
              class="selfStretch positionRelative"
            >
              <label
                class="reactSelectLabel ellipsis"
              />
              <div
                class="reactSelect reactSelectSmall css-b62m3t-container"
              >
                <span
                  class="css-1f43avz-a11yText-A11yText"
                  id="react-select-2-live-region"
                />
                <span
                  aria-atomic="false"
                  aria-live="polite"
                  aria-relevant="additions text"
                  class="css-1f43avz-a11yText-A11yText"
                />
                <div
                  class="reactSelect__control css-1s2u09g-control"
                >
                  <div
                    class="reactSelect__value-container reactSelect__value-container--has-value css-319lph-ValueContainer"
                  >
                    <div
                      class="reactSelect__single-value css-qc6sy-singleValue"
                    >
                      Market
                    </div>
                    <div
                      class="reactSelect__input-container css-6j8wv5-Input"
                      data-value=""
                    >
                      <input
                        aria-autocomplete="list"
                        aria-controls="react-select-2-listbox"
                        aria-expanded="false"
                        aria-haspopup="true"
                        aria-owns="react-select-2-listbox"
                        autocapitalize="none"
                        autocomplete="off"
                        autocorrect="off"
                        class="reactSelect__input"
                        id="react-select-2-input"
                        role="combobox"
                        spellcheck="false"
                        style="label:input;color:inherit;background:0;opacity:1;width:100%;grid-area:1 / 2;font:inherit;min-width:2px;border:0;margin:0;outline:0;padding:0"
                        tabindex="0"
                        type="text"
                        value=""
                      />
                    </div>
                  </div>
                  <div
                    class="reactSelect__indicators css-1hb7zxy-IndicatorsContainer"
                  >
                    <span
                      class="reactSelect__indicator-separator css-1okebmr-indicatorSeparator"
                    />
                    <div
                      aria-hidden="true"
                      class="reactSelect__indicator reactSelect__dropdown-indicator css-tlfecz-indicatorContainer"
                    >
                      <svg
                        aria-hidden="true"
                        class="css-tj5bde-Svg"
                        focusable="false"
                        height="20"
                        viewBox="0 0 20 20"
                        width="20"
                      >
                        <path
                          d="M4.516 7.548c0.436-0.446 1.043-0.481 1.576 0l3.908 3.747 3.908-3.747c0.533-0.481 1.141-0.446 1.574 0 0.436 0.445 0.408 1.197 0 1.615-0.406 0.418-4.695 4.502-4.695 4.502-0.217 0.223-0.502 0.335-0.787 0.335s-0.57-0.112-0.789-0.335c0 0-4.287-4.084-4.695-4.502s-0.436-1.17 0-1.615z"
                        />
                      </svg>
                    </div>
                  </div>
                </div>
              </div>
            </div>
          </div>
          <div
            class="cr-order-item"
          >
            <div
              class="input row grow padding"
            >
              <label
                class="inputLabel"
              >
                Price
              </label>
              <div
                class="row grow rowSpacingSm"
              >
                <span>
                  ≈
                </span>
                <span
                  class="grow primaryColor ellipsis bold"
                >
                  5
                  <span
                    class="fractional"
                  >
                    .00
                  </span>
                </span>
                <span>
                  BTC
                </span>
              </div>
            </div>
          </div>
          <div
            class="cr-order-item"
          >
            <div
              class="cr-order-item__prices"
            >
              <span
                class="smSize bidColor"
              >
                ▲ 10
                <span
                  class="fractional"
                >
                  .00
                </span>
              </span>
              <span
                class="smSize askColor"
              >
                ▼ 10
                <span
                  class="fractional"
                >
                  .00
                </span>
              </span>
            </div>
          </div>
          <div
            class="cr-order-item"
          >
            <div
              class="cr-order-input"
            >
              <div
                class="custom-input"
              >
                <label />
                <input
                  class="form-control"
                  placeholder="Amount"
                  type="number"
                  value=""
                />
              </div>
              <span
                class="cr-order-input__currency"
              >
                ETH
              </span>
            </div>
          </div>
          <div
            class="cr-order-item"
          >
            <div
              class="row wrap justifyBetween selfStretch"
            >
              <label>
                Min Amount
              </label>
              <span
                class=""
              >
                <span
                  class="primaryColor"
                >
                  0
                  <span
                    class="fractional"
                  >
                    .00
                  </span>
                </span>
                 
                <span>
                  ETH
                </span>
              </span>
            </div>
          </div>
          <div
            class="cr-order-item"
          >
            <div
              class="cr-order-item__percentage-buttons"
            >
              <button
                class="cr-percentage-button"
              >
                25%
              </button>
              <button
                class="cr-percentage-button"
              >
                50%
              </button>
              <button
                class="cr-percentage-button"
              >
                75%
              </button>
              <button
                class="cr-percentage-button"
              >
                100%
              </button>
            </div>
          </div>
          <div
            class="cr-order-item"
          >
            <div
              class="row wrap justifyBetween selfStretch lgSize"
            >
              <label>
                Total
              </label>
              <div
                class="row rowSpacingSm"
              >
                <span
                  class="secondaryColor"
                >
                  ≈
                </span>
                <span
                  class=""
                >
                  <span
                    class="primaryColor"
                  >
                    0
                    <span
                      class="fractional"
                    >
                      .00
                    </span>
                  </span>
                   
                  <span>
                    BTC
                  </span>
                </span>
              </div>
            </div>
          </div>
          <div
            class="cr-order-item"
          >
            <div
              class="row wrap justifyBetween selfStretch"
            >
              <label>
                Available
              </label>
              <span
                class=""
              >
                <span
                  class="primaryColor"
                >
                  12
                  <span
                    class="fractional"
                  >
                    .00
                  </span>
                </span>
                 
                <span>
                  BTC
                </span>
              </span>
            </div>
          </div>
          <div
            class="cr-order-item"
          >
            <button
              class="row rowSpacing btn btn-success btn-block btn-lg"
              disabled=""
              type="button"
            >
              <span>
                Buy
              </span>
              <span>
                ETH
              </span>
            </button>
          </div>
        </div>
      </div>
    </div>
  </div>
  <div
    class="cr-order--extended__sell"
  >
    <div
      class="cr-tab-panel cr-tab-panel__fixed"
    >
      <div
        class="cr-tab-panel__navigation-container draggable-container"
      >
        <div
          class="cr-tab-panel__navigation-container-navigation"
          role="tablist"
        >
          <div
            class="cr-tab cr-tab__active"
            role="tab"
            tabindex="0"
          >
            Sell
            <span
              class="cr-tab__pointer"
            />
          </div>
        </div>
      </div>
      <div
        class="cr-tab-content cr-tab-content__active"
      >
        <div
          class="cr-order-form"
        >
          <div
            class="cr-order-item"
          >
            <div
              class="cr-order-item__dropdown__label"
            >
              Order Type
            </div>
            <div
              class="selfStretch positionRelative"
            >
              <label
                class="reactSelectLabel ellipsis"
              />
              <div
                class="reactSelect reactSelectSmall css-b62m3t-container"
              >
                <span
                  class="css-1f43avz-a11yText-A11yText"
                  id="react-select-3-live-region"
                />
                <span
                  aria-atomic="false"
                  aria-live="polite"
                  aria-relevant="additions text"
                  class="css-1f43avz-a11yText-A11yText"
                />
                <div
                  class="reactSelect__control css-1s2u09g-control"
                >
                  <div
                    class="reactSelect__value-container reactSelect__value-container--has-value css-319lph-ValueContainer"
                  >
                    <div
                      class="reactSelect__single-value css-qc6sy-singleValue"
                    >
                      Market
                    </div>
                    <div
                      class="reactSelect__input-container css-6j8wv5-Input"
                      data-value=""
                    >
                      <input
                        aria-autocomplete="list"
                        aria-controls="react-select-3-listbox"
                        aria-expanded="false"
                        aria-haspopup="true"
                        aria-owns="react-select-3-listbox"
                        autocapitalize="none"
                        autocomplete="off"
                        autocorrect="off"
                        class="reactSelect__input"
                        id="react-select-3-input"
                        role="combobox"
                        spellcheck="false"
                        style="label:input;color:inherit;background:0;opacity:1;width:100%;grid-area:1 / 2;font:inherit;min-width:2px;border:0;margin:0;outline:0;padding:0"
                        tabindex="0"
                        type="text"
                        value=""
                      />
                    </div>
                  </div>
                  <div
                    class="reactSelect__indicators css-1hb7zxy-IndicatorsContainer"
                  >
                    <span
                      class="reactSelect__indicator-separator css-1okebmr-indicatorSeparator"
                    />
                    <div
                      aria-hidden="true"
                      class="reactSelect__indicator reactSelect__dropdown-indicator css-tlfecz-indicatorContainer"
                    >
                      <svg
                        aria-hidden="true"
                        class="css-tj5bde-Svg"
                        focusable="false"
                        height="20"
                        viewBox="0 0 20 20"
                        width="20"
                      >
                        <path
                          d="M4.516 7.548c0.436-0.446 1.043-0.481 1.576 0l3.908 3.747 3.908-3.747c0.533-0.481 1.141-0.446 1.574 0 0.436 0.445 0.408 1.197 0 1.615-0.406 0.418-4.695 4.502-4.695 4.502-0.217 0.223-0.502 0.335-0.787 0.335s-0.57-0.112-0.789-0.335c0 0-4.287-4.084-4.695-4.502s-0.436-1.17 0-1.615z"
                        />
                      </svg>
                    </div>
                  </div>
                </div>
              </div>
            </div>
          </div>
          <div
            class="cr-order-item"
          >
            <div
              class="input row grow padding"
            >
              <label
                class="inputLabel"
              >
                Price
              </label>
              <div
                class="row grow rowSpacingSm"
              >
                <span>
                  ≈
                </span>
                <span
                  class="grow primaryColor ellipsis bold"
                >
                  10
                  <span
                    class="fractional"
                  >
                    .00
                  </span>
                </span>
                <span>
                  BTC
                </span>
              </div>
            </div>
          </div>
          <div
            class="cr-order-item"
          >
            <div
              class="cr-order-item__prices"
            >
              <span
                class="smSize bidColor"
              >
                ▲ 10
                <span
                  class="fractional"
                >
                  .00
                </span>
              </span>
              <span
                class="smSize askColor"
              >
                ▼ 10
                <span
                  class="fractional"
                >
                  .00
                </span>
              </span>
            </div>
          </div>
          <div
            class="cr-order-item"
          >
            <div
              class="cr-order-input"
            >
              <div
                class="custom-input"
              >
                <label />
                <input
                  class="form-control"
                  placeholder="Amount"
                  type="number"
                  value=""
                />
              </div>
              <span
                class="cr-order-input__currency"
              >
                ETH
              </span>
            </div>
          </div>
          <div
            class="cr-order-item"
          >
            <div
              class="row wrap justifyBetween selfStretch"
            >
              <label>
                Min Amount
              </label>
              <span
                class=""
              >
                <span
                  class="primaryColor"
                >
                  0
                  <span
                    class="fractional"
                  >
                    .00
                  </span>
                </span>
                 
                <span>
                  ETH
                </span>
              </span>
            </div>
          </div>
          <div
            class="cr-order-item"
          >
            <div
              class="cr-order-item__percentage-buttons"
            >
              <button
                class="cr-percentage-button"
              >
                25%
              </button>
              <button
                class="cr-percentage-button"
              >
                50%
              </button>
              <button
                class="cr-percentage-button"
              >
                75%
              </button>
              <button
                class="cr-percentage-button"
              >
                100%
              </button>
            </div>
          </div>
          <div
            class="cr-order-item"
          >
            <div
              class="row wrap justifyBetween selfStretch lgSize"
            >
              <label>
                Total
              </label>
              <div
                class="row rowSpacingSm"
              >
                <span
                  class="secondaryColor"
                >
                  ≈
                </span>
                <span
                  class=""
                >
                  <span
                    class="primaryColor"
                  >
                    0
                    <span
                      class="fractional"
                    >
                      .00
                    </span>
                  </span>
                   
                  <span>
                    BTC
                  </span>
                </span>
              </div>
            </div>
          </div>
          <div
            class="cr-order-item"
          >
            <div
              class="row wrap justifyBetween selfStretch"
            >
              <label>
                Available
              </label>
              <span
                class=""
              >
                <span
                  class="primaryColor"
                >
                  200
                  <span
                    class="fractional"
                  >
                    .00
                  </span>
                </span>
                 
                <span>
                  ETH
                </span>
              </span>
            </div>
          </div>
          <div
            class="cr-order-item"
          >
            <button
              class="row rowSpacing btn btn-danger btn-block btn-lg"
              disabled=""
              type="button"
            >
              <span>
                Sell
              </span>
              <span>
                ETH
              </span>
            </button>
          </div>
        </div>
      </div>
    </div>
  </div>
</div>
`;
