// Jest Snapshot v1, https://goo.gl/fbAQLP

exports[`WalletList should render 1`] = `
<div
  className="cr-wallet-list"
>
  <WalletItem
    active={true}
    key="BTC"
    onClick={[Function]}
    wallet={
      Object {
        "balance": Object {
          "amount": "456.00000000",
          "currency": Object {
            "code": "BTC",
            "minorUnit": 8,
          },
        },
        "currency": Object {
          "code": "BTC",
          "minorUnit": 8,
        },
        "explorer_address": "https://testnet.blockchain.info/address/#{address}",
        "explorer_transaction": "https://testnet.blockchain.info/tx/#{txid}",
        "icon_id": "BTC",
        "limit_1_month": Object {
          "amount": "0.00000000",
          "currency": Object {
            "code": "BTC",
            "minorUnit": 8,
          },
        },
        "limit_24_hour": Object {
          "amount": "0.00000000",
          "currency": Object {
            "code": "BTC",
            "minorUnit": 8,
          },
        },
        "locked": Object {
          "amount": "1.00000000",
          "currency": Object {
            "code": "BTC",
            "minorUnit": 8,
          },
        },
        "min_withdraw_amount": Object {
          "amount": "0.00000000",
          "currency": Object {
            "code": "BTC",
            "minorUnit": 8,
          },
        },
        "name": "Bitcoin",
        "precision": 8,
        "price": "1",
        "type": "fiat",
        "withdraw_fee": Object {
          "amount": "0.12300000",
          "currency": Object {
            "code": "BTC",
            "minorUnit": 8,
          },
        },
      }
    }
  />
  <WalletItem
    active={false}
    key="USD"
    onClick={[Function]}
    wallet={
      Object {
        "balance": Object {
          "amount": "456.00",
          "currency": Object {
            "code": "USD",
            "minorUnit": 2,
          },
        },
        "currency": Object {
          "code": "USD",
          "minorUnit": 2,
        },
        "icon_id": "USD",
        "limit_1_month": Object {
          "amount": "0.00",
          "currency": Object {
            "code": "USD",
            "minorUnit": 2,
          },
        },
        "limit_24_hour": Object {
          "amount": "0.00",
          "currency": Object {
            "code": "USD",
            "minorUnit": 2,
          },
        },
        "locked": Object {
          "amount": "100.00",
          "currency": Object {
            "code": "USD",
            "minorUnit": 2,
          },
        },
        "min_withdraw_amount": Object {
          "amount": "0.00",
          "currency": Object {
            "code": "USD",
            "minorUnit": 2,
          },
        },
        "name": "United states Dollar",
        "precision": 8,
        "price": "1",
        "type": "coin",
        "withdraw_fee": Object {
          "amount": "0.12",
          "currency": Object {
            "code": "USD",
            "minorUnit": 2,
          },
        },
      }
    }
  />
  <WalletItem
    active={false}
    key="BTC"
    onClick={[Function]}
    wallet={
      Object {
        "balance": Object {
          "amount": "2.00000000",
          "currency": Object {
            "code": "BTC",
            "minorUnit": 8,
          },
        },
        "currency": Object {
          "code": "BTC",
          "minorUnit": 8,
        },
        "icon_id": "BTC",
        "limit_1_month": Object {
          "amount": "0.00000000",
          "currency": Object {
            "code": "BTC",
            "minorUnit": 8,
          },
        },
        "limit_24_hour": Object {
          "amount": "0.00000000",
          "currency": Object {
            "code": "BTC",
            "minorUnit": 8,
          },
        },
        "locked": Object {
          "amount": "0.40000000",
          "currency": Object {
            "code": "BTC",
            "minorUnit": 8,
          },
        },
        "min_withdraw_amount": Object {
          "amount": "0.00000000",
          "currency": Object {
            "code": "BTC",
            "minorUnit": 8,
          },
        },
        "name": "Bitcoin - 2",
        "precision": 8,
        "price": "1",
        "type": "fiat",
        "withdraw_fee": Object {
          "amount": "0.30000000",
          "currency": Object {
            "code": "BTC",
            "minorUnit": 8,
          },
        },
      }
    }
  />
</div>
`;
