// Jest Snapshot v1, https://goo.gl/fbAQLP

exports[`WalletList should render 1`] = `
<div
  class="col"
>
  <div
    class="itemHeader row grow justifyBetween smSize"
  >
    <span>
      Coin
    </span>
    <span>
      Total balance
    </span>
  </div>
  <button
    class="item itemActive row rowSpacing2 padding2"
    type="button"
  >
    <img
      alt="BTC"
      class="iconMedium"
      src="test-file-stub"
    />
    <div
      class="row grow alignStart justifyBetween"
    >
      <div
        class="col alignStart textAlignStart"
      >
        <div
          class="titleSize"
        >
          BTC
        </div>
        <div
          class="descriptionSize"
        >
          Bitcoin
        </div>
      </div>
      <div
        class="col alignEnd"
      >
        <div
          class="titleSize"
        >
          1
          <span
            class="fractional"
          >
            .00
          </span>
        </div>
        <div
          class="descriptionSize"
        >
          <span
            class="secondaryColor"
          >
            ≈
          </span>
           
          <span
            class=""
          >
            <span
              class="primaryColor"
            >
              41,000
              <span
                class="fractional"
              >
                .00
              </span>
            </span>
             
            <span>
              USD
            </span>
          </span>
        </div>
      </div>
    </div>
  </button>
  <button
    class="item row rowSpacing2 padding2"
    type="button"
  >
    <img
      alt="ETH"
      class="iconMedium"
      src="test-file-stub"
    />
    <div
      class="row grow alignStart justifyBetween"
    >
      <div
        class="col alignStart textAlignStart"
      >
        <div
          class="titleSize"
        >
          ETH
        </div>
        <div
          class="descriptionSize"
        >
          Ethereum
        </div>
      </div>
      <div
        class="col alignEnd"
      >
        <div
          class="titleSize"
        >
          1
          <span
            class="fractional"
          >
            .00
          </span>
        </div>
        <div
          class="descriptionSize"
        >
          <span
            class="secondaryColor"
          >
            ≈
          </span>
           
          <span
            class=""
          >
            <span
              class="primaryColor"
            >
              41,000
              <span
                class="fractional"
              >
                .00
              </span>
            </span>
             
            <span>
              USD
            </span>
          </span>
        </div>
      </div>
    </div>
  </button>
</div>
`;
