// Jest Snapshot v1, https://goo.gl/fbAQLP

exports[`WalletList should render 1`] = `
<div
  className="cr-wallet-list"
>
  <WalletItem
    active={true}
    key="0"
    onClick={[Function]}
    wallet={
      Object {
        "active": false,
        "balance": "456",
        "currency": "BTC",
        "explorerAddress": "https://testnet.blockchain.info/address/#{address}",
        "explorerTransaction": "https://testnet.blockchain.info/tx/#{txid}",
        "fee": 0.123,
        "fixed": 8,
        "icon_id": "BTC",
        "locked": "1",
        "name": "Bitcoin",
        "type": "fiat",
      }
    }
  />
  <WalletItem
    active={false}
    key="1"
    onClick={[Function]}
    wallet={
      Object {
        "active": false,
        "balance": "456",
        "currency": "USD",
        "fee": 0.123,
        "fixed": 8,
        "icon_id": "USD",
        "locked": "100",
        "name": "United states Dollar",
        "type": "coin",
      }
    }
  />
  <WalletItem
    active={false}
    key="2"
    onClick={[Function]}
    wallet={
      Object {
        "active": false,
        "balance": "2",
        "currency": "BTC",
        "fee": 0.3,
        "fixed": 8,
        "icon_id": "BTC",
        "locked": "0.4",
        "name": "Bitcoin - 2",
        "type": "fiat",
      }
    }
  />
</div>
`;
