// Jest Snapshot v1, https://goo.gl/fbAQLP

exports[`CustomInput component should render 1`] = `
<Fragment>
  <div
    className="custom-input"
  >
    <label
      className=""
    />
    <FormControl
      autoFocus={false}
      onBlur={[MockFunction]}
      onChange={[Function]}
      onFocus={[MockFunction]}
      placeholder=""
      size="lg"
      type=""
      value=""
    />
  </div>
</Fragment>
`;
