// Jest Snapshot v1, https://goo.gl/fbAQLP

exports[`DepositCrypto should match snapshot 1`] = `
<ContextProvider
  value={
    Object {
      "store": Object {
        "dispatch": [Function],
        "getState": [Function],
        "replaceReducer": [Function],
        "subscribe": [Function],
        Symbol(observable): [Function],
      },
      "subscription": Subscription {
        "handleChangeWrapper": [Function],
        "listeners": Object {
          "notify": [Function],
        },
        "onStateChange": [Function],
        "parentSub": undefined,
        "store": Object {
          "dispatch": [Function],
          "getState": [Function],
          "replaceReducer": [Function],
          "subscribe": [Function],
          Symbol(observable): [Function],
        },
        "unsubscribe": null,
      },
    }
  }
>
  <DepositCrypto
    wallet={
      Object {
        "balance": Object {
          "amount": "0.0000",
          "currency": Object {
            "code": "",
            "minorUnit": 4,
          },
        },
        "blockchain_ids": Array [],
        "cc_code": "",
        "code": "",
        "currency": Object {
          "code": "",
          "minorUnit": 4,
        },
        "deposit_enabled": true,
        "deposit_fee": Object {
          "amount": "0.0000",
          "currency": Object {
            "code": "",
            "minorUnit": 4,
          },
        },
        "description": null,
        "homepage": null,
        "icon_id": "",
        "icon_url": "",
        "id": "",
        "limit_1_month": Object {
          "amount": "0.0000",
          "currency": Object {
            "code": "",
            "minorUnit": 4,
          },
        },
        "limit_24_hour": Object {
          "amount": "0.0000",
          "currency": Object {
            "code": "",
            "minorUnit": 4,
          },
        },
        "locked": Object {
          "amount": "0.0000",
          "currency": Object {
            "code": "",
            "minorUnit": 4,
          },
        },
        "min_deposit_amount": Object {
          "amount": "0.0000",
          "currency": Object {
            "code": "",
            "minorUnit": 4,
          },
        },
        "min_withdraw_amount": Object {
          "amount": "0.0000",
          "currency": Object {
            "code": "",
            "minorUnit": 4,
          },
        },
        "minorUnit": 4,
        "name": "",
        "position": 0,
        "precision": 8,
        "price": "1.0",
        "type": "coin",
        "withdraw_fee": Object {
          "amount": "0.0000",
          "currency": Object {
            "code": "",
            "minorUnit": 4,
          },
        },
        "withdraw_limit_24h": "0",
        "withdraw_limit_72h": "0",
        "withdrawal_enabled": true,
      }
    }
  />
  ,
</ContextProvider>
`;
